(node:4031) MetadataLookupWarning: received unexpected error = Request failed with status code 403 code = UNKNOWN
(Use `node --trace-warnings ...` to show where the warning was created)
{"probe":"concurrent-demote","results":["fulfilled","fulfilled"],"roles":{"adminA":"member","adminB":"member","memberC":"member"},"guardCalls":2}
{"probe":"concurrent-leave","results":["fulfilled","fulfilled"],"roles":{"memberC":"member"},"guardCalls":2}
{"probe":"concurrent-delete","results":["fulfilled","fulfilled"],"roles":{"memberC":"member"},"guardCalls":2}
Error deleting user: Error: Injected transient Auth deletion failure
    at auth.deleteUser (/tmp/auth-lifecycle-probe.cjs:74:53)
    at /workspace/DnDCampaignCompanion/firebase/functions/lib/userManagement/deleteUser.js:126:28
    at async failedAuthDelete (/tmp/auth-lifecycle-probe.cjs:76:9)
    at async /tmp/auth-lifecycle-probe.cjs:122:5
Error deleting user: HttpsError: User profile not found.
    at /workspace/DnDCampaignCompanion/firebase/functions/lib/userManagement/deleteUser.js:75:19
    at process.processTicksAndRejections (node:internal/process/task_queues:103:5)
    at async failedAuthDelete (/tmp/auth-lifecycle-probe.cjs:79:9)
    at async /tmp/auth-lifecycle-probe.cjs:122:5 {
  code: 'not-found',
  details: undefined,
  httpErrorCode: { canonicalName: 'NOT_FOUND', status: 404 }
}
{"probe":"auth-delete-failure-retry","first":"internal","retry":"not-found","profileExists":false,"authExists":true,"injectedAuthAttempts":1}
{"probe":"committed-join-lost-response-cleanup","authGone":false,"profileExists":true,"membershipExists":true,"tokenUsed":true}
AssertionError [ERR_ASSERTION]: Expected values to be strictly equal:

false !== true

    at lostJoinResponseCleanup (/tmp/auth-lifecycle-probe.cjs:109:12)
    at process.processTicksAndRejections (node:internal/process/task_queues:103:5)
    at async /tmp/auth-lifecycle-probe.cjs:123:5 {
  generatedMessage: true,
  code: 'ERR_ASSERTION',
  actual: false,
  expected: true,
  operator: 'strictEqual',
  diff: 'simple'
}
