(node:3055) MetadataLookupWarning: received unexpected error = Request failed with status code 403 code = UNKNOWN
(Use `node --trace-warnings ...` to show where the warning was created)
Entity extraction error: HttpsError: USAGE_LIMIT_EXCEEDED
    at /workspace/DnDCampaignCompanion/firebase/functions/src/entityExtraction.ts:383:19
    at process.processTicksAndRejections (node:internal/process/task_queues:103:5)
    at async waitForActual (node:assert:644:5)
    at async Function.rejects (node:assert:767:25)
    at async /tmp/security-review-probe.cjs:74:2 {
  code: 'resource-exhausted',
  details: {
    usage: {
      usage: [Object],
      limitExceeded: true,
      exceededPeriod: 'daily',
      nextReset: [Object]
    },
    contactInfo: {
      message: "You've reached your smart detection limit. Contact us to request an increase.",
      contactUrl: '/contact',
      prefilledSubject: 'Smart Detection Limit Increase Request'
    }
  },
  httpErrorCode: { canonicalName: 'RESOURCE_EXHAUSTED', status: 429 }
}
Contact form email sent (CC-9284) from same@example.invalid (anonymous_same@example.invalid)
Contact form email sent (CC-1094) from same@example.invalid (anonymous_same@example.invalid)
Contact form email sent (CC-9223) from same@example.invalid (anonymous_same@example.invalid)
Contact form email sent (CC-9987) from same@example.invalid (anonymous_same@example.invalid)
Contact form email sent (CC-4059) from same@example.invalid (anonymous_same@example.invalid)
Error in sendContactEmail function: HttpsError: Too many requests. Please try again later.
    at /workspace/DnDCampaignCompanion/firebase/functions/src/contact.ts:294:19
    at Function.run (/workspace/DnDCampaignCompanion/firebase/functions/node_modules/firebase-functions/lib/common/onInit.js:33:16)
    at call (/tmp/security-review-probe.cjs:43:34)
    at /tmp/security-review-probe.cjs:87:23 {
  code: 'resource-exhausted',
  details: undefined,
  httpErrorCode: { canonicalName: 'RESOURCE_EXHAUSTED', status: 429 }
}
Contact form email sent (CC-8973) from other0@example.invalid (anonymous_other0@example.invalid)
Contact form email sent (CC-1115) from other1@example.invalid (anonymous_other1@example.invalid)
Contact form email sent (CC-5631) from other2@example.invalid (anonymous_other2@example.invalid)
Contact form email sent (CC-3479) from other3@example.invalid (anonymous_other3@example.invalid)
Contact form email sent (CC-9244) from other4@example.invalid (anonymous_other4@example.invalid)
Contact form email sent (CC-2863) from other5@example.invalid (anonymous_other5@example.invalid)
Contact form email sent (CC-8139) from other6@example.invalid (anonymous_other6@example.invalid)
Contact form email sent (CC-2414) from other7@example.invalid (anonymous_other7@example.invalid)
Contact form email sent (CC-2481) from other8@example.invalid (anonymous_other8@example.invalid)
Contact form email sent (CC-5237) from other9@example.invalid (anonymous_other9@example.invalid)
Contact form email sent (CC-9662) from html@example.invalid (anonymous_html@example.invalid)
{
  "project": "demo-security-review-20261003",
  "results": [
    {
      "check": "negative authorization controls",
      "result": "all 8 denied"
    },
    {
      "check": "exhausted quota control",
      "result": "resource-exhausted; no model call"
    },
    {
      "check": "client grants itself unlimited AI",
      "result": "rules allow isUnlimited; 12 callable successes beyond exhausted daily/weekly/monthly limits; counts unchanged; model stub only"
    },
    {
      "check": "client resets quota counters",
      "result": "rules allow replacing all counters; extraction succeeds"
    },
    {
      "check": "anonymous contact throttling",
      "result": "same email sixth call denied; ten additional calls with invented addresses accepted; 15 stub mail calls; no mail sent"
    },
    {
      "check": "contact context HTML",
      "result": "unescaped caller markup reaches captured mail HTML; client rendering not tested"
    },
    {
      "check": "server trusts mutable username for deletion",
      "result": "direct deletion of admin reservation denied; own username rewrite + self-leave deletes admin reservation via callable; admin profile survives"
    },
    {
      "check": "nonmember writes own private-note path in foreign group",
      "result": "allowed; cannot read anybody else"
    }
  ]
}
